// Jest Snapshot v1, https://goo.gl/fbAQLP

exports[`EditModal should renders EditModal component 1`] = `
Object {
  "then": [Function],
}
`;
