// Jest Snapshot v1, https://goo.gl/fbAQLP

exports[`Pagination should renders Pagination component 1`] = `
<div
  className="MuiBox-root css-1l4w6pd"
>
  <nav
    aria-label="pagination navigation"
    className="MuiPagination-root MuiPagination-outlined css-1oj2twp-MuiPagination-root"
  >
    <ul
      className="MuiPagination-ul css-wjh20t-MuiPagination-ul"
    >
      <li>
        <button
          aria-label="Go to previous page"
          className="MuiButtonBase-root Mui-disabled MuiPaginationItem-root MuiPaginationItem-sizeMedium MuiPaginationItem-outlined MuiPaginationItem-rounded Mui-disabled MuiPaginationItem-previousNext css-19xm0h7-MuiButtonBase-root-MuiPaginationItem-root"
          disabled={true}
          onBlur={[Function]}
          onClick={[Function]}
          onContextMenu={[Function]}
          onDragLeave={[Function]}
          onFocus={[Function]}
          onKeyDown={[Function]}
          onKeyUp={[Function]}
          onMouseDown={[Function]}
          onMouseLeave={[Function]}
          onMouseUp={[Function]}
          onTouchEnd={[Function]}
          onTouchMove={[Function]}
          onTouchStart={[Function]}
          tabIndex={-1}
          type="button"
        >
          <svg
            aria-hidden={true}
            className="MuiSvgIcon-root MuiSvgIcon-fontSizeMedium MuiPaginationItem-icon css-g2z002-MuiSvgIcon-root-MuiPaginationItem-icon"
            data-testid="NavigateBeforeIcon"
            focusable="false"
            viewBox="0 0 24 24"
          >
            <path
              d="M15.41 7.41L14 6l-6 6 6 6 1.41-1.41L10.83 12z"
            />
          </svg>
        </button>
      </li>
      <li>
        <button
          aria-current="true"
          aria-label="page 1"
          className="MuiButtonBase-root MuiPaginationItem-root MuiPaginationItem-sizeMedium MuiPaginationItem-outlined MuiPaginationItem-rounded Mui-selected MuiPaginationItem-page css-19xm0h7-MuiButtonBase-root-MuiPaginationItem-root"
          disabled={false}
          onBlur={[Function]}
          onClick={[Function]}
          onContextMenu={[Function]}
          onDragLeave={[Function]}
          onFocus={[Function]}
          onKeyDown={[Function]}
          onKeyUp={[Function]}
          onMouseDown={[Function]}
          onMouseLeave={[Function]}
          onMouseUp={[Function]}
          onTouchEnd={[Function]}
          onTouchMove={[Function]}
          onTouchStart={[Function]}
          tabIndex={0}
          type="button"
        >
          1
        </button>
      </li>
      <li>
        <button
          aria-label="Go to page 2"
          className="MuiButtonBase-root MuiPaginationItem-root MuiPaginationItem-sizeMedium MuiPaginationItem-outlined MuiPaginationItem-rounded MuiPaginationItem-page css-19xm0h7-MuiButtonBase-root-MuiPaginationItem-root"
          disabled={false}
          onBlur={[Function]}
          onClick={[Function]}
          onContextMenu={[Function]}
          onDragLeave={[Function]}
          onFocus={[Function]}
          onKeyDown={[Function]}
          onKeyUp={[Function]}
          onMouseDown={[Function]}
          onMouseLeave={[Function]}
          onMouseUp={[Function]}
          onTouchEnd={[Function]}
          onTouchMove={[Function]}
          onTouchStart={[Function]}
          tabIndex={0}
          type="button"
        >
          2
        </button>
      </li>
      <li>
        <button
          aria-label="Go to page 3"
          className="MuiButtonBase-root MuiPaginationItem-root MuiPaginationItem-sizeMedium MuiPaginationItem-outlined MuiPaginationItem-rounded MuiPaginationItem-page css-19xm0h7-MuiButtonBase-root-MuiPaginationItem-root"
          disabled={false}
          onBlur={[Function]}
          onClick={[Function]}
          onContextMenu={[Function]}
          onDragLeave={[Function]}
          onFocus={[Function]}
          onKeyDown={[Function]}
          onKeyUp={[Function]}
          onMouseDown={[Function]}
          onMouseLeave={[Function]}
          onMouseUp={[Function]}
          onTouchEnd={[Function]}
          onTouchMove={[Function]}
          onTouchStart={[Function]}
          tabIndex={0}
          type="button"
        >
          3
        </button>
      </li>
      <li>
        <button
          aria-label="Go to page 4"
          className="MuiButtonBase-root MuiPaginationItem-root MuiPaginationItem-sizeMedium MuiPaginationItem-outlined MuiPaginationItem-rounded MuiPaginationItem-page css-19xm0h7-MuiButtonBase-root-MuiPaginationItem-root"
          disabled={false}
          onBlur={[Function]}
          onClick={[Function]}
          onContextMenu={[Function]}
          onDragLeave={[Function]}
          onFocus={[Function]}
          onKeyDown={[Function]}
          onKeyUp={[Function]}
          onMouseDown={[Function]}
          onMouseLeave={[Function]}
          onMouseUp={[Function]}
          onTouchEnd={[Function]}
          onTouchMove={[Function]}
          onTouchStart={[Function]}
          tabIndex={0}
          type="button"
        >
          4
        </button>
      </li>
      <li>
        <button
          aria-label="Go to page 5"
          className="MuiButtonBase-root MuiPaginationItem-root MuiPaginationItem-sizeMedium MuiPaginationItem-outlined MuiPaginationItem-rounded MuiPaginationItem-page css-19xm0h7-MuiButtonBase-root-MuiPaginationItem-root"
          disabled={false}
          onBlur={[Function]}
          onClick={[Function]}
          onContextMenu={[Function]}
          onDragLeave={[Function]}
          onFocus={[Function]}
          onKeyDown={[Function]}
          onKeyUp={[Function]}
          onMouseDown={[Function]}
          onMouseLeave={[Function]}
          onMouseUp={[Function]}
          onTouchEnd={[Function]}
          onTouchMove={[Function]}
          onTouchStart={[Function]}
          tabIndex={0}
          type="button"
        >
          5
        </button>
      </li>
      <li>
        <button
          aria-label="Go to page 6"
          className="MuiButtonBase-root MuiPaginationItem-root MuiPaginationItem-sizeMedium MuiPaginationItem-outlined MuiPaginationItem-rounded MuiPaginationItem-page css-19xm0h7-MuiButtonBase-root-MuiPaginationItem-root"
          disabled={false}
          onBlur={[Function]}
          onClick={[Function]}
          onContextMenu={[Function]}
          onDragLeave={[Function]}
          onFocus={[Function]}
          onKeyDown={[Function]}
          onKeyUp={[Function]}
          onMouseDown={[Function]}
          onMouseLeave={[Function]}
          onMouseUp={[Function]}
          onTouchEnd={[Function]}
          onTouchMove={[Function]}
          onTouchStart={[Function]}
          tabIndex={0}
          type="button"
        >
          6
        </button>
      </li>
      <li>
        <div
          className="MuiPaginationItem-root MuiPaginationItem-sizeMedium MuiPaginationItem-outlined MuiPaginationItem-rounded MuiPaginationItem-ellipsis css-1v2lvtn-MuiPaginationItem-root"
        >
          â€¦
        </div>
      </li>
      <li>
        <button
          aria-label="Go to page 9"
          className="MuiButtonBase-root MuiPaginationItem-root MuiPaginationItem-sizeMedium MuiPaginationItem-outlined MuiPaginationItem-rounded MuiPaginationItem-page css-19xm0h7-MuiButtonBase-root-MuiPaginationItem-root"
          disabled={false}
          onBlur={[Function]}
          onClick={[Function]}
          onContextMenu={[Function]}
          onDragLeave={[Function]}
          onFocus={[Function]}
          onKeyDown={[Function]}
          onKeyUp={[Function]}
          onMouseDown={[Function]}
          onMouseLeave={[Function]}
          onMouseUp={[Function]}
          onTouchEnd={[Function]}
          onTouchMove={[Function]}
          onTouchStart={[Function]}
          tabIndex={0}
          type="button"
        >
          9
        </button>
      </li>
      <li>
        <button
          aria-label="Go to page 10"
          className="MuiButtonBase-root MuiPaginationItem-root MuiPaginationItem-sizeMedium MuiPaginationItem-outlined MuiPaginationItem-rounded MuiPaginationItem-page css-19xm0h7-MuiButtonBase-root-MuiPaginationItem-root"
          disabled={false}
          onBlur={[Function]}
          onClick={[Function]}
          onContextMenu={[Function]}
          onDragLeave={[Function]}
          onFocus={[Function]}
          onKeyDown={[Function]}
          onKeyUp={[Function]}
          onMouseDown={[Function]}
          onMouseLeave={[Function]}
          onMouseUp={[Function]}
          onTouchEnd={[Function]}
          onTouchMove={[Function]}
          onTouchStart={[Function]}
          tabIndex={0}
          type="button"
        >
          10
        </button>
      </li>
      <li>
        <button
          aria-label="Go to next page"
          className="MuiButtonBase-root MuiPaginationItem-root MuiPaginationItem-sizeMedium MuiPaginationItem-outlined MuiPaginationItem-rounded MuiPaginationItem-previousNext css-19xm0h7-MuiButtonBase-root-MuiPaginationItem-root"
          disabled={false}
          onBlur={[Function]}
          onClick={[Function]}
          onContextMenu={[Function]}
          onDragLeave={[Function]}
          onFocus={[Function]}
          onKeyDown={[Function]}
          onKeyUp={[Function]}
          onMouseDown={[Function]}
          onMouseLeave={[Function]}
          onMouseUp={[Function]}
          onTouchEnd={[Function]}
          onTouchMove={[Function]}
          onTouchStart={[Function]}
          tabIndex={0}
          type="button"
        >
          <svg
            aria-hidden={true}
            className="MuiSvgIcon-root MuiSvgIcon-fontSizeMedium MuiPaginationItem-icon css-g2z002-MuiSvgIcon-root-MuiPaginationItem-icon"
            data-testid="NavigateNextIcon"
            focusable="false"
            viewBox="0 0 24 24"
          >
            <path
              d="M10 6L8.59 7.41 13.17 12l-4.58 4.59L10 18l6-6z"
            />
          </svg>
        </button>
      </li>
    </ul>
  </nav>
</div>
`;
